// Vitest Snapshot v1

exports[`Counter > snapshot 1`] = `
.emotion-0 {
  padding: 1em;
  border: none;
  border-radius: 1em;
  cursor: pointer;
}

<div>
  <button
    class="emotion-0"
  >
    I was clicked 
    0
     times
  </button>
</div>
`;
